{
    "-profile test": {
        "content": [
            2,
            {
                "INKSCAPE": {
                    "inkscape": 1.4
                }
            },
            [
                "pdf",
                "pdf/GG.pdf",
                "pdf/MaximeGarcia.pdf",
                "pipeline_info",
                "pipeline_info/certificate_software_versions.yml",
                "svg",
                "svg/GG.svg",
                "svg/MaximeGarcia.svg"
            ],
            "no stable content"
        ],
        "meta": {
            "nf-test": "0.9.2",
            "nextflow": "25.04.6"
        },
        "timestamp": "2025-07-08T16:47:12.702817661"
    }
}