{
    "-profile test": {
        "content": [
            2,
            {
                "Workflow": {
                    "maxulysse/certificate": "v1.0.0dev"
                },
                "INKSCAPE": {
                    "inkscape": 1.4
                }
            },
            [
                "pdf",
                "pdf/GG.pdf",
                "pdf/MaximeGarcia.pdf",
                "pipeline_info",
                "pipeline_info/nf_core_certificate_software_versions.yml",
                "svg",
                "svg/GG.svg",
                "svg/MaximeGarcia.svg"
            ],
            [
                "GG.pdf:md5,63328c08b29c11919a340e33f63c9402",
                "MaximeGarcia.pdf:md5,81c8a5843252e9027f3caca58a649bad",
                "GG.svg:md5,73c6e1dd84070ddfb0b77ddf17089751",
                "MaximeGarcia.svg:md5,cf98130d4619d394ecb6fc5db11b3d11"
            ]
        ],
        "meta": {
            "nf-test": "0.9.2",
            "nextflow": "25.04.6"
        },
        "timestamp": "2025-07-08T16:32:23.581191547"
    }
}